System Bootstrap, Version 12.1(3r)T2, RELEASE SOFTWARE (fc1)
Copyright (c) 2000 by cisco Systems, Inc.
cisco 2811 (MPC860) processor (revision 0x200) with 60416K/5120K bytes of memory

Readonly ROMMON initialized

program load complete, entry point: 0x8000f000, size: 0xc940
program load complete, entry point: 0x8000f000, size: 0xc940

program load complete, entry point: 0x8000f000, size: 0x3ed1338
Self decompressing the image :
########################################################################## [OK]
              Restricted Rights Legend

Use, duplication, or disclosure by the Government is
subject to restrictions as set forth in subparagraph
(c) of the Commercial Computer Software - Restricted
Rights clause at FAR sec. 52.227-19 and subparagraph
(c) (1) (ii) of the Rights in Technical Data and Computer
Software clause at DFARS sec. 252.227-7013.

           cisco Systems, Inc.
           170 West Tasman Drive
           San Jose, California 95134-1706



Cisco IOS Software, 2800 Software (C2800NM-ADVIPSERVICESK9-M), Version 12.4(15)T1, RELEASE SOFTWARE (fc2)
Technical Support: http://www.cisco.com/techsupport
Copyright (c) 1986-2007 by Cisco Systems, Inc.
Compiled Wed 18-Jul-07 06:21 by pt_rel_team
Image text-base: 0x400A925C, data-base: 0x4372CE20

This product contains cryptographic features and is subject to United
States and local country laws governing import, export, transfer and
use. Delivery of Cisco cryptographic products does not imply
third-party authority to import, export, distribute or use encryption.
Importers, exporters, distributors and users are responsible for
compliance with U.S. and local country laws. By using this product you
agree to comply with applicable laws and regulations. If you are unable
to comply with U.S. and local laws, return this product immediately.

A summary of U.S. laws governing Cisco cryptographic products may be found at:
http://www.cisco.com/wwl/export/crypto/tool/stqrg.html

If you require further assistance please contact us by sending email to
export@cisco.com.
cisco 2811 (MPC860) processor (revision 0x200) with 60416K/5120K bytes of memory
Processor board ID JAD05190MTZ (4292891495)
M860 processor: part number 0, mask 49
2 FastEthernet/IEEE 802.3 interface(s)
239K bytes of non-volatile configuration memory.
62720K bytes of  ATA CompactFlash (Read/Write)
Cisco IOS Software, 2800 Software (C2800NM-ADVIPSERVICESK9-M), Version 12.4(15)T1, RELEASE SOFTWARE (fc2)
Technical Support: http://www.cisco.com/techsupport
Copyright (c) 1986-2007 by Cisco Systems, Inc.
Compiled Wed 18-Jul-07 06:21 by pt_rel_team


         --- System Configuration Dialog ---

Would you like to enter the initial configuration dialog? [yes/no]: no


Press RETURN to get started!



Router>enable
Router#inte
Router#conf t
Enter configuration commands, one per line.  End with CNTL/Z.
Router(config)#inte
Router(config)#interface fas
Router(config)#interface fastEthernet 0/0 10.1.12.2 255.255.255.0
                                          ^
% Invalid input detected at '^' marker.
	
Router(config)#interface fastEthernet 0/0
Router(config-if)#ip ad
Router(config-if)#ip address 10.1.12.2 255.255.255.0
Router(config-if)#exit
Router(config)#inte
Router(config)#interface fast
Router(config)#interface fastEthernet 0/1
Router(config-if)#ip ad
Router(config-if)#ip address 10.1.23.2 255.255.255.0
Router(config-if)#exit
Router(config)#rou
Router(config)#router eig
Router(config)#router eigrp 100
Router(config-router)#no au
Router(config-router)#no auto
Router(config-router)#net
Router(config-router)#network 10.1.12.0 0.0.0.255
Router(config-router)#exit
Router(config)#route
Router(config)#router ospf 1
OSPF process 1 cannot start. There must be at least one "up" IP interface
Router(config-router)#rou
Router(config-router)#router-id 2.2.2.2
Router(config-router)#net
Router(config-router)#network 10.1.23.0 0.0.0.255 area 0
Router(config-router)#
Router(config)#inte
Router(config)#interface fast
Router(config)#interface fastEthernet 0
Router(config)#interface fastEthernet 0/0
Router(config-if)#no s
Router(config-if)#no sh
Router(config-if)#no shutdown 

Router(config-if)#
%LINK-5-CHANGED: Interface FastEthernet0/0, changed state to up

%LINEPROTO-5-UPDOWN: Line protocol on Interface FastEthernet0/0, changed state to up

%DUAL-5-NBRCHANGE: IP-EIGRP 100: Neighbor 10.1.12.1 (FastEthernet0/0) is up: new adjacency

Router(config-if)#exit
Router(config)#inte
Router(config)#interface fast
Router(config)#interface fastEthernet 0/1
Router(config-if)#no sh
Router(config-if)#no shutdown 

Router(config-if)#
%LINK-5-CHANGED: Interface FastEthernet0/1, changed state to up

%LINEPROTO-5-UPDOWN: Line protocol on Interface FastEthernet0/1, changed state to up

Router(config-if)#exit
Router#show ip osp
Router#show ip ospf nei
Router#show ip ospf neighbor 


Neighbor ID     Pri   State           Dead Time   Address         Interface
3.3.3.3           1   FULL/DR         00:00:30    10.1.23.3       FastEthernet0/1

Router(config)#rou
Router(config)#router osp
Router(config)#router ospf 1
Router(config-router)#redistribute eigrp 100 metric-type 2 subnets
Router(config-router)#redistribute eigrp 100 metric 50
Router(config-router)#
Router(config)#roue
Router(config)#rou
Router(config)#router eigrp 100
Router(config-router)#red
Router(config-router)#redistribute ospf 1?
<1-65535>  
Router(config-router)#redistribute ospf 1 ?
  match   Redistribution of OSPF routes
  metric  Metric for redistributed routes
  <cr>
Router(config-router)#redistribute ospf 1 metric 100 ?
  <0-4294967295>  EIGRP delay metric, in 10 microsecond units
Router(config-router)#redistribute ospf 1 metric 100 100 ?
  <0-255>  EIGRP reliability metric where 255 is 100% reliable
Router(config-router)#redistribute ospf 1 metric 100 100 100 ?
  <1-255>  EIGRP Effective bandwidth metric (Loading) where 255 is 100% loaded
Router(config-router)#redistribute ospf 1 metric 100 100 100 
% Incomplete command.
Router(config-router)#redistribute ospf 1 metric 100 100 100 100 ?
  <1-65535>  EIGRP MTU of the path
Router(config-router)#redistribute ospf 1 metric 100 100 100 100 100
Router(config-router)#exit
Router#show ip rou
Router#show ip route 
Codes: C - connected, S - static, I - IGRP, R - RIP, M - mobile, B - BGP
       D - EIGRP, EX - EIGRP external, O - OSPF, IA - OSPF inter area
       N1 - OSPF NSSA external type 1, N2 - OSPF NSSA external type 2
       E1 - OSPF external type 1, E2 - OSPF external type 2, E - EGP
       i - IS-IS, L1 - IS-IS level-1, L2 - IS-IS level-2, ia - IS-IS inter area
       * - candidate default, U - per-user static route, o - ODR
       P - periodic downloaded static route

Gateway of last resort is not set

     10.0.0.0/8 is variably subnetted, 16 subnets, 2 masks
D       10.1.0.0/24 [90/156160] via 10.1.12.1, 00:20:59, FastEthernet0/0
D       10.1.1.0/24 [90/156160] via 10.1.12.1, 00:20:59, FastEthernet0/0
D       10.1.2.0/24 [90/156160] via 10.1.12.1, 00:20:59, FastEthernet0/0
D       10.1.3.0/24 [90/156160] via 10.1.12.1, 00:20:59, FastEthernet0/0
D       10.1.4.0/24 [90/156160] via 10.1.12.1, 00:20:59, FastEthernet0/0
D       10.1.5.0/24 [90/156160] via 10.1.12.1, 00:20:59, FastEthernet0/0
D       10.1.6.0/24 [90/156160] via 10.1.12.1, 00:20:59, FastEthernet0/0
O       10.1.7.1/32 [110/2] via 10.1.23.3, 00:19:56, FastEthernet0/1
O       10.1.8.1/32 [110/2] via 10.1.23.3, 00:19:56, FastEthernet0/1
O       10.1.9.1/32 [110/2] via 10.1.23.3, 00:19:56, FastEthernet0/1
O       10.1.10.1/32 [110/2] via 10.1.23.3, 00:19:56, FastEthernet0/1
O       10.1.11.1/32 [110/2] via 10.1.23.3, 00:19:56, FastEthernet0/1
O       10.1.11.5/32 [110/2] via 10.1.23.3, 00:19:56, FastEthernet0/1
O       10.1.11.9/32 [110/2] via 10.1.23.3, 00:19:56, FastEthernet0/1
C       10.1.12.0/24 is directly connected, FastEthernet0/0
C       10.1.23.0/24 is directly connected, FastEthernet0/1




 
